2025-10-19T17:06:00+02:00 DEBUG config loaded: /Users/adam.boczek/Development/Workspace/Boczek/Projects/kamunder/kamunder/config.yaml (root.go:54)
2025-10-19T17:06:00+02:00 DEBUG fetching process instances, render mode: one-line (get_processinstance.go:45)
2025-10-19T17:06:00+02:00 DEBUG searching by filter: {  0   } (get_processinstance.go:60)
2025-10-19T17:06:00+02:00 DEBUG searching for process instances with filter: {Key: BpmnProcessId: ProcessVersion:0 ProcessVersionTag: State: ParentKey:} (service.go:89)
2025-10-19T17:06:00+02:00 DEBUG looking up bearer token in cache for target: localhost:8080 (service.go:134)
2025-10-19T17:06:00+02:00 DEBUG fetching bearer token for target: localhost:8080 (service.go:144)
2025-10-19T17:06:00+02:00 DEBUG calling: http://localhost:18080/auth/realms/camunda-platform/protocol/openid-connect/token (round_trippers.go:27)
2025-10-19T17:06:00+02:00 DEBUG puting bearer token in cache for target: localhost:8080 (service.go:150)
2025-10-19T17:06:00+02:00 DEBUG calling: http://localhost:8080/v1/process-instances/search (round_trippers.go:27)
2025-10-19T17:06:00+02:00 DEBUG fetched process instances: 21 (get_processinstance.go:90)
